(---------------------------------------------------------------------)
(                                                                     )
(    IPC2581 Export                                                   )
(                                                                     )
(    Software Version : 24.1S004                                      )
(    Date/Time        : Sat May 17 17:32:42 2025                      )
(                                                                     )
(---------------------------------------------------------------------)




Collecting net list ...



Collecting package defintions ...



Collecting component descriptions ...



Collecting BOM items ...



Property configuration file: E:/Users/migar/AppData/Roaming/SPB_Data/cdssetup/workspace/projects/project01/allegro/ipc2581_attr_config.atr
IPC2581 file: project01_2Doctoreda
IPC2581 version: IPC2581-B
BRD file: E:/Users/migar/AppData/Roaming/SPB_Data/cdssetup/workspace/projects/project01/allegro/project01_2Doctoreda.brd
IPC2581 units: MILLIMETER
Global package pin1 orientation: OTHER
Default symbol height: 3.81
Export drill information?: YES
Export backdrill information?: NO
Export BOM information?: YES
Export component descriptions?: YES
Export component packages?: YES
Export land patterns?: YES
Export device descriptions?: YES
Export net list?: YES
Export hierarchical layer/stack instance?: YES
Export Outer Copper Layers?: YES
Export Inner Layers?: YES
Export Documentation Layers?: YES
Export Miscellaneous Image Layers?: YES
Export SolderMask/SolderPaste Legend Layers?: YES
Export vector text?: YES
Export cavities?: NO
Export padstack definitions?: NO
Export zip file?: YES
a2ipc2581 complete.
