(---------------------------------------------------------------------)
(                                                                     )
(    Allegro Netrev Import Logic                                      )
(                                                                     )
(    Drawing          : project01.brd                                 )
(    Software Version : 24.1S004                                      )
(    Date/Time        : Sat May 17 14:31:19 2025                      )
(                                                                     )
(---------------------------------------------------------------------)


------ Directives ------------

Ripup etch:                  No
Ripup delete first segment:  No
Ripup retain bondwire:       No
Ripup symbols:               Always
Missing symbol has error:    No
DRC update:                  Yes
Schematic directory:         'e:\users\migar\appdata\roaming\spb_data\cdssetup\workspace\projects\project01\allegro'
Design Directory:            'E:/Users/migar/AppData/Roaming/SPB_Data/cdssetup/workspace/projects/project01/allegro'
Old design name:             'E:/Users/migar/AppData/Roaming/SPB_Data/cdssetup/workspace/projects/project01/allegro/project01.brd'
New design name:             'E:/Users/migar/AppData/Roaming/SPB_Data/cdssetup/workspace/projects/project01/allegro/project01.brd'

CmdLine: netrev -y 1 -i e:\users\migar\appdata\roaming\spb_data\cdssetup\workspace\projects\project01\allegro -q netrev_constraint_report.xml E:/Users/migar/AppData/Roaming/SPB_Data/cdssetup/workspace/projects/project01/allegro/#Taaabdc37948.tmp

------ Preparing to read pst files ------

Starting to read e:/users/migar/appdata/roaming/spb_data/cdssetup/workspace/projects/project01/allegro/pstchip.dat 
   Finished reading e:/users/migar/appdata/roaming/spb_data/cdssetup/workspace/projects/project01/allegro/pstchip.dat (00:00:00.04)
Starting to read e:/users/migar/appdata/roaming/spb_data/cdssetup/workspace/projects/project01/allegro/pstxprt.dat 
   Finished reading e:/users/migar/appdata/roaming/spb_data/cdssetup/workspace/projects/project01/allegro/pstxprt.dat (00:00:00.00)
Starting to read e:/users/migar/appdata/roaming/spb_data/cdssetup/workspace/projects/project01/allegro/pstxnet.dat 
   Finished reading e:/users/migar/appdata/roaming/spb_data/cdssetup/workspace/projects/project01/allegro/pstxnet.dat (00:00:00.00)

------ Oversights/Warnings/Errors ------


------ Library Paths ------
MODULEPATH =  . 
           E:/Cadence/OrCADX_24.1/share/local/pcb/modules 

PSMPATH =  . 
           symbols 
           .. 
           ../symbols 
           E:/Cadence/OrCADX_24.1/share/local/pcb/symbols 
           E:/Cadence/OrCADX_24.1/share/pcb/pcb_lib/symbols 
           E:/Cadence/OrCADX_24.1/share/pcb/allegrolib/symbols 

PADPATH =  . 
           symbols 
           .. 
           ../symbols 
           E:/Cadence/OrCADX_24.1/share/local/pcb/padstacks 
           E:/Cadence/OrCADX_24.1/share/pcb/pcb_lib/symbols 
           E:/Cadence/OrCADX_24.1/share/pcb/allegrolib/symbols 


------ Summary Statistics ------


netrev run on May 17 14:31:19 2025
   DESIGN NAME : 'PROJECT01'
   PACKAGING ON Apr 17 2025 05:01:52

   COMPILE 'logic'
   CHECK_PIN_NAMES OFF
   CROSS_REFERENCE OFF
   FEEDBACK OFF
   INCREMENTAL OFF
   INTERFACE_TYPE PHYSICAL
   MAX_ERRORS 500
   MERGE_MINIMUM 5
   NET_NAME_CHARS '#%&()*+-./:=>?@[]^_`|'
   NET_NAME_LENGTH 24
   OVERSIGHTS ON
   REPLACE_CHECK OFF
   SINGLE_NODE_NETS ON
   SPLIT_MINIMUM 0
   SUPPRESS   20
   WARNINGS ON

 No error detected
 No oversight detected
 No warning detected

cpu time      0:00:55
elapsed time  0:00:00

