(---------------------------------------------------------------------)
(                                                                     )
(    PLACEMENT LOG                                                    )
(                                                                     )
(    Drawing          : project01.brd                                 )
(    Software Version : 24.1S004                                      )
(    Date/Time        : Thu May 15 15:37:51 2025                      )
(                                                                     )
(---------------------------------------------------------------------)



 Autoplace E:/Users/migar/AppData/Roaming/SPB_Data/cdssetup/workspace/projects/project01/allegro/project01.brd 
 Save as E:/Users/migar/AppData/Roaming/SPB_Data/cdssetup/workspace/projects/project01/allegro/project01.brd 

 Will search while getting acceptable improvement
 Will not scale complete graph edges
 Start time Thu May 15 15:37:51 2025


 
 	 	 Placement Task Version 1.00 
 
 
 Algorithm  : IC
 Place within: board
 Map grid points to: library origin
 Place leftovers on bottom: YES
 Allow component overlap: NO
 Soft boundary: NO
 Cluster: NO
 No Rat: NO
 Remove TAG: NO
 Components at rotation of 0 degrees are weighted 50

 Components at rotation of 90 degrees are weighted 0

 Components at rotation of 180 degrees are weighted 0

 Components at rotation of 270 degrees are weighted 0

 Board direction of north is weighted 50

 Board direction of east is weighted 50

 Board direction of south is weighted 50

 Board direction of west is weighted 50

 Component mirroring weight is 50

 Component straightness weight is 50

 Warning: unplaced components are not PLACE TAGGED.

 Error: No Package Keepin was found

 Error: See message(s) above



Elapsed time:  0 hr 0 min 0 sec ( 0.00 hr)
Actual time of completion: Thu May 15 15:37:51 2025

